1
 
 
 
 
                      Warning: This computer program is protected by copyright law and international treaties.       
                  Unauthorized use, reproduction or distribution of this computer program, or any portion of it, may 
                                          result in severe civil and criminal penalties.                             
                         Copyright (C) 2023 Hexagon AB and/or its subsidiaries. All rights reserved.                 
 
 
                                              * * * * * * * * * * * * * * * * * * * *
                                              * * * * * * * * * * * * * * * * * * * *
                                              * *                                 * *
                                              * *           Hexagon AB            * *
                                              * *                                 * *
                                              * *                                 * *
                                              * *      M S C   N a s t r a n      * *
                                              * *                                 * *
                                              * *  S T U D E N T   E D I T I O N  * *
                                              * *                                 * *
                                              * *     Version 2023.1-CL914096     * *
                                              * *                                 * *
                                              * *                                 * *
                                              * *                                 * *
                                              * *          MAR 30, 2023           * *
                                              * *                                 * *
                                              * *              Intel              * *
                                              * *MODEL Intel(R) Core(TM) i5-10500 * *
                                              * *     Windows 10 Pro 6.2 9200     * *
                                              * * Compiled for 8664 (SINGLE Mode) * *
                                              * *                                 * *
                                              * * * * * * * * * * * * * * * * * * * *
                                              * * * * * * * * * * * * * * * * * * * *

 
 
                                                 This Student Edition version is  
                                                    valid until MAR 15, 2025.     
 
 
                  This program is being distributed as part of the Hexagon AB Student Edition. Use of this program   
                     or its results at a commercial installation, for commercial purposes, or for production work    
                                             I S   S T R I C T L Y  P R O H I B I T E D.                             
                  ==================================== FOR EDUCATIONAL USE ONLY =====================================
 
 
1News file - (February 21st, 2023)
  
               Welcome to MSC Nastran 2023.1
  
   MSC Nastran brings powerful new features and enhancements for engineering
   solutions in several releases through the year. Key enhancements in
   Version 2023.1 are summarized below. Addtional details can be found in
   the MSC Nastran Version 2023.1 Release Guide.
  
     MSC Nastran 2023.1 Features and Enhancements
  
     HPC
     - Reduced memory requirements for ACMS when large numbers of RBE3 elements
       are present in the model
     - Support for AMD AOCL libraries
  
     Documentation
     - The complete documentation set is provided in a separate installer and
       when installed is available at: MSC_DOC_DIR/doc/pdf_nastran directory,
       where MSC_DOC_DIR is the directory where documentation was installed.
       This help set includes cross references between documents, and links to
       how-to videos, and example files
  
     Individual MSC Nastran documents are available for download from the
       Simcompanion Website at:
       http://simcompanion.hexagon.com/
  
     These documents were updated for the MSC Nastran 2023.1 Release
  
         1.  MSC Nastran 2023.1 Installation and Operations Guide
         2.  MSC Nastran 2023.1 Quick Reference Guide
         3.  MSC Nastran 2023.1 Release Guide
         4.  MSC Nastran 2023.1 Linear Statics Analysis User's Guide
         5.  MSC Nastran 2023.1 Dynamic Analysis User's Guide
         6.  MSC Nastran 2023.1 Superelements User's Guide
         7.  MSC Nastran 2023.1 Rotordynamics User's Guide
         8.  MSC Nastran 2023.1 Demonstration Problems Manual
         9.  MSC Nastran 2023.1 Nastran Embedded Fatigue User's Guide
        10.  MSC Nastran 2023.1 Design Sensitivity and Optimization
        11.  MSC Nastran 2023.1 Nonlinear User's Guide SOL 400
        12.  MSC Nastran 2023.1 DMAP Programmer's Guide
        13.  MSC Nastran 2023.1 High Performance Computing User's Guide
        14.  MSC Nastran 2023.1 New Verification Manual
        15.  MSC Nastran 2023.1 DEMATD Guide
        16.  MSC Nastran 2023.1 Explicit Nonlinear (SOL 700) User's Guide
        17.  MSC Nastran 2023.1 ACMS User's Guide
  
   Please refer to  MSC_DOC_DIR/doc/pdf_nastran/nastran_library.pdf
   for the complete document set:
  
1 
   Additional information about the release can be found at the MSC Nastran
   Product Support page: http://simcompanion.hexagon.com
  
   The support page provides links to these valuable information:
      * A searchable Knowledge Base containing examples and answers to thousands
        of frequently asked questions written by MSC Software subject-matter
        experts.
      * Peer-to-peer Discussion Forums enabling you to post questions for your
        MSC Software products and receive answers from other users worldwide.
      * A list of known issues with the product and any workarounds.
      * Instructions on how to contact technical support
      * A mechanism for sending us product feedback or enhancement requests.
      * Hardware and software requirements.
      * Examples and Tutorials
      * and much more.
  
   For information on training, please visit our Training web site
  
      https://www.mscsoftware.com/msc-training
  
1                                                       **STUDENT EDITION*  JANUARY  25, 2025  MSC Nastran  3/30/23   PAGE     1
                                                                                                                                    
0        N A S T R A N    F I L E    A N D    S Y S T E M    P A R A M E T E R    E C H O                                           
0                                                                                                                                   
                                                                                                                                    
                                                                                                                                    
     NASTRAN BUFFSIZE=8193 $(C:/PROGRAM FILES/MSC.SOFTWARE/NAPA_SE/20231/NASTRAN/CONF
1                                                       **STUDENT EDITION*  JANUARY  25, 2025  MSC Nastran  3/30/23   PAGE     2
                                                                                                                                    
0        N A S T R A N    E X E C U T I V E    C O N T R O L    E C H O                                                             
0                                                                                                                                   
                                                                                                                                    
                                                                                                                                    
     CEND                                                                                    
 *** USER INFORMATION MESSAGE 480 (XSEMIN)
     JOB TERMINATED DUE TO LACK OF SOL, COMPILE, OR LINK CARDS IN THE EXECUTIVE CONTROL SECTION.
 
 No PARAM values were set in the Control File.
 
1                                        * * * END OF JOB * * *
 
 
No Symbolic Replacement variables or values were specified.

