STEP translation to Solid Edge
Date: jueves,enero 23,2025 10:06
Source File: C:\Users\jessa\OneDrive - Universidad Politécnica de Madrid\0. TFG 23-24\Project_Root\Freecad\output_model.step
Author: FreeCAD
Organization: FreeCAD
Source System: FreeCAD

Hardware:
Processor: Intel(R) Core(TM) i5-10500H CPU @ 2.50GHz
Operating System: Windows 10 Professional Version:22H2 Build:19045 System Type:64-bit
Installed Memory: 15.79 GB

Software Information
Parasolid Version: 36.0.142
PSBodyShop Version: 36.0.108
Step Adapter Version: 13.0.163
Solid Edge Version: 224.00.00.101 x64

Step Import Options
Import Faceted Bodies: On
Import Check Bodies: On
Import Curves: On
Import DoNotSave: On
Import Multiple Bodies As Single Part File: On
Import Optimize:Off
Import Stitch Surfaces: On
Import Boolean Solids: On
Make Base Feature: On
Simplify Geometry: On
Import Imprint Curves: On
Import Drive: C:
Import Stitch Surfaces: On
Import Surfaces: On
Import Output Path: C:\Users\jessa\OneDrive - Universidad Politécnica de Madrid\0. TFG 23-24\Project_Root\Freecad
Import Enable Default Output Path: On
Import PMI: On
Import As Internal Components: On
Import Path: 

Translating to Parasolid data types...
Warn: PSF_INVALID_COLORS
Warn: PSF_INVALID_COLORS
Warn: PSF_INVALID_COLORS
Internal Components Time : 00 : 00 : 00
Foreign to XT BRep Time : 00 : 00 : 00
Translation process completed
Total time required to translate and post process:00 : 00 : 00
